\BOOKMARK [1][-]{section.1}{\376\377\137\025\212\000}{}% 1
\BOOKMARK [1][-]{section.2}{\376\377\133\236\163\260}{}% 2
\BOOKMARK [2][-]{subsection.2.1}{\376\377\127\372\176\277\377\032\000m\000a\000t\000m\000u\000l\000\137\000p\000l\000a\000i\000n}{section.2}% 3
\BOOKMARK [2][-]{subsection.2.2}{\376\377\117\030\123\026\377\032\000m\000a\000t\000m\000u\000l\000\137\000i\000m\000p\000r\000o\000v\000e\000d\000\040\040\024\000\040\121\155\116\052\226\066\153\265}{section.2}% 4
\BOOKMARK [3][-]{subsubsection.2.2.1}{\376\377\226\066\153\265\0001\377\032\137\252\163\257\221\315\143\222\000\040\000+\000\040\177\023\133\130\122\006\127\127}{subsection.2.2}% 5
\BOOKMARK [3][-]{subsubsection.2.2.2}{\376\377\226\066\153\265\0002\377\032\000B\000\040\167\351\226\065\142\123\123\005\000\040\000+\000\040\133\371\237\120}{subsection.2.2}% 6
\BOOKMARK [3][-]{subsubsection.2.2.3}{\376\377\226\066\153\265\0003\377\032\000N\000E\000O\000N\000\040\000S\000I\000M\000D\000\040\000+\000\040\0008\0001\0006\000\040\137\256\150\070}{subsection.2.2}% 7
\BOOKMARK [3][-]{subsubsection.2.2.4}{\376\377\226\066\153\265\0004\377\032\000A\000+\000B\000\040\227\142\147\177\142\123\123\005}{subsection.2.2}% 8
\BOOKMARK [3][-]{subsubsection.2.2.5}{\376\377\226\066\153\265\0005\377\032\000O\000p\000e\000n\000M\000P\000\040\131\032\176\277\172\013}{subsection.2.2}% 9
\BOOKMARK [3][-]{subsubsection.2.2.6}{\376\377\226\066\153\265\0006\377\032\000B\000L\000I\000S\000\040\131\032\176\247\122\006\127\127\000\040\000+\000\040\230\204\123\326}{subsection.2.2}% 10
\BOOKMARK [1][-]{section.3}{\376\377\140\047\200\375\176\323\147\234}{}% 11
\BOOKMARK [2][-]{subsection.3.1}{\376\377\117\030\123\026\217\333\172\013}{section.3}% 12
\BOOKMARK [2][-]{subsection.3.2}{\376\377\116\016\000\040\000O\000p\000e\000n\000B\000L\000A\000S\000\040\133\371\153\324}{section.3}% 13
\BOOKMARK [2][-]{subsection.3.3}{\376\377\0006\0004\000K\0006\0004\000K\377\010\116\221\147\015\122\241\126\150\377\011}{section.3}% 14
\BOOKMARK [1][-]{section.4}{\376\377\122\006\147\220\377\032\000O\000p\000e\000n\000B\000L\000A\000S\000\040\116\072\117\125\146\364\137\353}{}% 15
\BOOKMARK [2][-]{subsection.4.1}{\376\377\211\304\152\041\166\370\121\163\166\204\140\047\200\375\135\356\215\335}{section.4}% 16
\BOOKMARK [2][-]{subsection.4.2}{\376\377\000A\000p\000p\000l\000e\000\040\000A\000M\000X\000\040\123\117\131\004\164\006\126\150}{section.4}% 17
\BOOKMARK [2][-]{subsection.4.3}{\376\377\164\006\213\272\134\360\120\074}{section.4}% 18
\BOOKMARK [2][-]{subsection.4.4}{\376\377\131\047\211\304\152\041\116\013\135\356\215\335\177\051\134\017\166\204\123\237\126\340}{section.4}% 19
\BOOKMARK [2][-]{subsection.4.5}{\376\377\133\236\232\214\232\214\213\301\377\032\211\304\152\041\142\153\143\317}{section.4}% 20
\BOOKMARK [1][-]{section.5}{\376\377\176\323\213\272}{}% 21
\BOOKMARK [1][-]{appendix.A}{\376\377\123\237\131\313\127\372\121\306\155\113\213\325\145\160\143\156}{}% 22
\BOOKMARK [2][-]{subsection.A.1}{\376\377\226\066\153\265\0005\377\032\176\277\172\013\142\151\134\125\140\047}{appendix.A}% 23
\BOOKMARK [2][-]{subsection.A.2}{\376\377\147\000\176\310\127\372\121\306\155\113\213\325\377\010\0001\0000\000\040\176\277\172\013\377\014\124\053\000\040\000O\000p\000e\000n\000B\000L\000A\000S\377\011}{appendix.A}% 24
\BOOKMARK [2][-]{subsection.A.3}{\376\377\147\064\175\040\133\236\163\260\000\040\0008\0001\0009\0002\0008\0001\0009\0002}{appendix.A}% 25
\BOOKMARK [2][-]{subsection.A.4}{\376\377\0006\0004\000K\0006\0004\000K\377\010\116\221\172\357\377\011}{appendix.A}% 26
\BOOKMARK [2][-]{subsection.A.5}{\376\377\177\026\213\321\124\175\116\344}{appendix.A}% 27
