\BOOKMARK [1][-]{section.1}{\376\377\000I\000n\000t\000r\000o\000d\000u\000c\000t\000i\000o\000n}{}% 1
\BOOKMARK [1][-]{section.2}{\376\377\000I\000m\000p\000l\000e\000m\000e\000n\000t\000a\000t\000i\000o\000n}{}% 2
\BOOKMARK [2][-]{subsection.2.1}{\376\377\000B\000a\000s\000e\000l\000i\000n\000e\000:\000\040\000m\000a\000t\000m\000u\000l\000\137\000p\000l\000a\000i\000n}{section.2}% 3
\BOOKMARK [2][-]{subsection.2.2}{\376\377\000O\000p\000t\000i\000m\000i\000z\000e\000d\000:\000\040\000m\000a\000t\000m\000u\000l\000\137\000i\000m\000p\000r\000o\000v\000e\000d\000\040\040\024\000\040\000S\000i\000x\000\040\000P\000h\000a\000s\000e\000s}{section.2}% 4
\BOOKMARK [3][-]{subsubsection.2.2.1}{\376\377\000P\000h\000a\000s\000e\000\040\0001\000:\000\040\000L\000o\000o\000p\000\040\000R\000e\000o\000r\000d\000e\000r\000i\000n\000g\000\040\000+\000\040\000C\000a\000c\000h\000e\000\040\000T\000i\000l\000i\000n\000g}{subsection.2.2}% 5
\BOOKMARK [3][-]{subsubsection.2.2.2}{\376\377\000P\000h\000a\000s\000e\000\040\0002\000:\000\040\000B\000-\000M\000a\000t\000r\000i\000x\000\040\000P\000a\000c\000k\000i\000n\000g\000\040\000+\000\040\000A\000l\000i\000g\000n\000m\000e\000n\000t}{subsection.2.2}% 6
\BOOKMARK [3][-]{subsubsection.2.2.3}{\376\377\000P\000h\000a\000s\000e\000\040\0003\000:\000\040\000N\000E\000O\000N\000\040\000S\000I\000M\000D\000\040\000+\000\040\0008\0001\0006\000\040\000M\000i\000c\000r\000o\000-\000K\000e\000r\000n\000e\000l}{subsection.2.2}% 7
\BOOKMARK [3][-]{subsubsection.2.2.4}{\376\377\000P\000h\000a\000s\000e\000\040\0004\000:\000\040\000A\000+\000B\000\040\000P\000a\000n\000e\000l\000\040\000P\000a\000c\000k\000i\000n\000g}{subsection.2.2}% 8
\BOOKMARK [3][-]{subsubsection.2.2.5}{\376\377\000P\000h\000a\000s\000e\000\040\0005\000:\000\040\000O\000p\000e\000n\000M\000P\000\040\000M\000u\000l\000t\000i\000-\000T\000h\000r\000e\000a\000d\000i\000n\000g}{subsection.2.2}% 9
\BOOKMARK [3][-]{subsubsection.2.2.6}{\376\377\000P\000h\000a\000s\000e\000\040\0006\000:\000\040\000B\000L\000I\000S\000\040\000M\000u\000l\000t\000i\000-\000L\000e\000v\000e\000l\000\040\000T\000i\000l\000i\000n\000g\000\040\000+\000\040\000P\000r\000e\000f\000e\000t\000c\000h}{subsection.2.2}% 10
\BOOKMARK [1][-]{section.3}{\376\377\000P\000e\000r\000f\000o\000r\000m\000a\000n\000c\000e\000\040\000R\000e\000s\000u\000l\000t\000s}{}% 11
\BOOKMARK [2][-]{subsection.3.1}{\376\377\000O\000p\000t\000i\000m\000i\000z\000a\000t\000i\000o\000n\000\040\000P\000r\000o\000g\000r\000e\000s\000s\000i\000o\000n}{section.3}% 12
\BOOKMARK [2][-]{subsection.3.2}{\376\377\000C\000o\000m\000p\000a\000r\000i\000s\000o\000n\000\040\000w\000i\000t\000h\000\040\000O\000p\000e\000n\000B\000L\000A\000S}{section.3}% 13
\BOOKMARK [2][-]{subsection.3.3}{\376\377\0006\0004\000K\0006\0004\000K\000\040\000\050\000C\000l\000o\000u\000d\000\040\000S\000e\000r\000v\000e\000r\000\051}{section.3}% 14
\BOOKMARK [1][-]{section.4}{\376\377\000A\000n\000a\000l\000y\000s\000i\000s\000:\000\040\000W\000h\000y\000\040\000O\000p\000e\000n\000B\000L\000A\000S\000\040\000I\000s\000\040\000F\000a\000s\000t\000e\000r}{}% 15
\BOOKMARK [2][-]{subsection.4.1}{\376\377\000T\000h\000e\000\040\000S\000c\000a\000l\000e\000-\000D\000e\000p\000e\000n\000d\000e\000n\000t\000\040\000G\000a\000p}{section.4}% 16
\BOOKMARK [2][-]{subsection.4.2}{\376\377\000A\000p\000p\000l\000e\000\040\000A\000M\000X\000\040\000C\000o\000p\000r\000o\000c\000e\000s\000s\000o\000r}{section.4}% 17
\BOOKMARK [2][-]{subsection.4.3}{\376\377\000T\000h\000e\000o\000r\000e\000t\000i\000c\000a\000l\000\040\000P\000e\000a\000k}{section.4}% 18
\BOOKMARK [2][-]{subsection.4.4}{\376\377\000W\000h\000y\000\040\000t\000h\000e\000\040\000G\000a\000p\000\040\000N\000a\000r\000r\000o\000w\000s\000\040\000a\000t\000\040\000L\000a\000r\000g\000e\000\040\000S\000i\000z\000e\000s}{section.4}% 19
\BOOKMARK [2][-]{subsection.4.5}{\376\377\000E\000x\000p\000e\000r\000i\000m\000e\000n\000t\000a\000l\000\040\000V\000e\000r\000i\000f\000i\000c\000a\000t\000i\000o\000n\000:\000\040\000S\000i\000z\000e\000\040\000S\000w\000e\000e\000p}{section.4}% 20
\BOOKMARK [1][-]{section.5}{\376\377\000C\000o\000n\000c\000l\000u\000s\000i\000o\000n}{}% 21
\BOOKMARK [1][-]{appendix.A}{\376\377\000R\000a\000w\000\040\000B\000e\000n\000c\000h\000m\000a\000r\000k\000\040\000D\000a\000t\000a}{}% 22
\BOOKMARK [2][-]{subsection.A.1}{\376\377\000P\000h\000a\000s\000e\000\040\0005\000:\000\040\000T\000h\000r\000e\000a\000d\000\040\000S\000c\000a\000l\000i\000n\000g}{appendix.A}% 23
\BOOKMARK [2][-]{subsection.A.2}{\376\377\000F\000i\000n\000a\000l\000\040\000B\000e\000n\000c\000h\000m\000a\000r\000k\000\040\000\050\0001\0000\000\040\000t\000h\000r\000e\000a\000d\000s\000,\000\040\000w\000i\000t\000h\000\040\000O\000p\000e\000n\000B\000L\000A\000S\000\051}{appendix.A}% 24
\BOOKMARK [2][-]{subsection.A.3}{\376\377\000P\000l\000a\000i\000n\000\040\0008\0001\0009\0002\0008\0001\0009\0002}{appendix.A}% 25
\BOOKMARK [2][-]{subsection.A.4}{\376\377\0006\0004\000K\0006\0004\000K\000\040\000\050\000C\000l\000o\000u\000d\000\051}{appendix.A}% 26
\BOOKMARK [2][-]{subsection.A.5}{\376\377\000C\000o\000m\000p\000i\000l\000a\000t\000i\000o\000n\000\040\000C\000o\000m\000m\000a\000n\000d\000s}{appendix.A}% 27
